🎲🎲🎲 EXIT CODE: 0 🎲🎲🎲
🟩🟩🟩 STDOUT️ 🟩🟩🟩️
ID    5ce2b18a-585c-4a06-bdeb-efd8ac0f90f5
IP    51.159.205.115
Port  13353
🟩🟩🟩 JSON STDOUT 🟩🟩🟩
{
  "id": "5ce2b18a-585c-4a06-bdeb-efd8ac0f90f5",
  "ip": "51.159.205.115",
  "port": 13353,
  "name": null,
  "load_balancer": {}
}
