🎲🎲🎲 EXIT CODE: 0 🎲🎲🎲
🟩🟩🟩 STDOUT️ 🟩🟩🟩️
postgresql://custom-user@51.159.207.166:14986
🟩🟩🟩 JSON STDOUT 🟩🟩🟩
"postgresql://custom-user@51.159.207.166:14986"
