🎲🎲🎲 EXIT CODE: 0 🎲🎲🎲
🟩🟩🟩 STDOUT️ 🟩🟩🟩️
✅ ACL rules successfully set.
IP              PORT   PROTOCOL  DIRECTION  ACTION  DESCRIPTION
1.2.3.4/32      10559  tcp       inbound    allow   IP allowed
11.11.11.11/32  10559  tcp       inbound    allow   IP allowed
192.168.1.0/31  10559  tcp       inbound    allow   IP allowed
🟩🟩🟩 JSON STDOUT 🟩🟩🟩
{
  "Rules": [
    {
      "ip": "1.2.3.4/32",
      "port": 10559,
      "protocol": "tcp",
      "direction": "inbound",
      "action": "allow",
      "description": "IP allowed"
    },
    {
      "ip": "11.11.11.11/32",
      "port": 10559,
      "protocol": "tcp",
      "direction": "inbound",
      "action": "allow",
      "description": "IP allowed"
    },
    {
      "ip": "192.168.1.0/31",
      "port": 10559,
      "protocol": "tcp",
      "direction": "inbound",
      "action": "allow",
      "description": "IP allowed"
    }
  ],
  "Success": {
    "message": "ACL rules successfully set",
    "details": ""
  }
}
