🎲🎲🎲 EXIT CODE: 0 🎲🎲🎲
🟩🟩🟩 STDOUT️ 🟩🟩🟩️
IP          PORT   PROTOCOL  DIRECTION  ACTION  DESCRIPTION
0.0.0.0/0   13681  tcp       inbound    allow   Allow All
4.2.3.4/32  13681  tcp       inbound    allow   my-custom-description
🟩🟩🟩 JSON STDOUT 🟩🟩🟩
[
  {
    "ip": "0.0.0.0/0",
    "port": 13681,
    "protocol": "tcp",
    "direction": "inbound",
    "action": "allow",
    "description": "Allow All"
  },
  {
    "ip": "4.2.3.4/32",
    "port": 13681,
    "protocol": "tcp",
    "direction": "inbound",
    "action": "allow",
    "description": "my-custom-description"
  }
]
