🎲🎲🎲 EXIT CODE: 0 🎲🎲🎲
🟩🟩🟩 STDOUT️ 🟩🟩🟩️
postgresql://foobar@51.159.207.166:3894
🟩🟩🟩 JSON STDOUT 🟩🟩🟩
"postgresql://foobar@51.159.207.166:3894"
