🎲🎲🎲 EXIT CODE: 0 🎲🎲🎲
🟩🟩🟩 STDOUT️ 🟩🟩🟩️
postgresql://foobar@51.159.113.128:27119/custom-db
🟩🟩🟩 JSON STDOUT 🟩🟩🟩
"postgresql://foobar@51.159.113.128:27119/custom-db"
