🎲🎲🎲 EXIT CODE: 0 🎲🎲🎲
🟩🟩🟩 STDOUT️ 🟩🟩🟩️
postgresql://foobar@51.159.113.128:24503
🟩🟩🟩 JSON STDOUT 🟩🟩🟩
"postgresql://foobar@51.159.113.128:24503"
