🎲🎲🎲 EXIT CODE: 0 🎲🎲🎲
🟩🟩🟩 STDOUT️ 🟩🟩🟩️
ID                                    Name                  Database Name  Size    Status  Instance ID                           URL Expired  Is Exported  Expires At       Created At       Updated At       Region  Same Region
c5ef2c35-2c5d-4fcb-9ced-9583b9a65203  will_be_exported      rdb            2.1 kB  ready   1160dd82-33f4-44f0-91af-c110be874f21  false        true         few seconds ago  few seconds ago  few seconds ago  fr-par  false
c925f92a-1514-43be-8b2e-7a23dabd41a1  will_not_be_exported  rdb            2.1 kB  ready   1160dd82-33f4-44f0-91af-c110be874f21  true         false        few seconds ago  few seconds ago  few seconds ago  fr-par  false
🟩🟩🟩 JSON STDOUT 🟩🟩🟩
[
  {
    "ID": "c5ef2c35-2c5d-4fcb-9ced-9583b9a65203",
    "instance_ID": "1160dd82-33f4-44f0-91af-c110be874f21",
    "database_name": "rdb",
    "name": "will_be_exported",
    "status": "ready",
    "size": 2106,
    "expires_at": "2032-01-02T22:04:05Z",
    "created_at": "1970-01-01T00:00:00.0Z",
    "updated_at": "1970-01-01T00:00:00.0Z",
    "instance_name": "cli-test",
    "is_exported": true,
    "url_expired": false,
    "region": "fr-par",
    "same_region": false
  },
  {
    "ID": "c925f92a-1514-43be-8b2e-7a23dabd41a1",
    "instance_ID": "1160dd82-33f4-44f0-91af-c110be874f21",
    "database_name": "rdb",
    "name": "will_not_be_exported",
    "status": "ready",
    "size": 2106,
    "expires_at": "2032-01-02T22:04:05Z",
    "created_at": "1970-01-01T00:00:00.0Z",
    "updated_at": "1970-01-01T00:00:00.0Z",
    "instance_name": "cli-test",
    "is_exported": false,
    "url_expired": true,
    "region": "fr-par",
    "same_region": false
  }
]
