🎲🎲🎲 EXIT CODE: 0 🎲🎲🎲
🟩🟩🟩 STDOUT️ 🟩🟩🟩️
✅ ACL rules successfully set.
IP          PORT   PROTOCOL  DIRECTION  ACTION  DESCRIPTION
1.2.3.4/32  19222  tcp       inbound    allow   IP allowed
🟩🟩🟩 JSON STDOUT 🟩🟩🟩
{
  "Rules": [
    {
      "ip": "1.2.3.4/32",
      "port": 19222,
      "protocol": "tcp",
      "direction": "inbound",
      "action": "allow",
      "description": "IP allowed"
    }
  ],
  "Success": {
    "message": "ACL rules successfully set",
    "details": ""
  }
}
