🎲🎲🎲 EXIT CODE: 0 🎲🎲🎲
🟩🟩🟩 STDOUT️ 🟩🟩🟩️
mysql://foobar@51.159.207.166:26151
🟩🟩🟩 JSON STDOUT 🟩🟩🟩
"mysql://foobar@51.159.207.166:26151"
