🎲🎲🎲 EXIT CODE: 0 🎲🎲🎲
🟩🟩🟩 STDOUT️ 🟩🟩🟩️
ID              97e7496d-27ab-42e3-befa-f0f17148d34b
Name            cli-pn-romantic-khorana
OrganizationID  fa1e3217-dc80-42ac-85c3-3f034b78b552
ProjectID       fa1e3217-dc80-42ac-85c3-3f034b78b552
Region          fr-par
CreatedAt       few seconds ago
UpdatedAt       few seconds ago
VpcID           1ec1ecb6-8f58-4f7c-92cc-53c2a5ae519c
DHCPEnabled     true

Instance Servers:
ID                                    NAME                    STATE     NIC ID                                MAC ADDRESS
b2038da1-b1a4-470f-925d-ade221f6bc75  cli-srv-pedantic-gates  archived  fde85b33-3841-479c-a288-df20b54daaf3  02:00:00:18:64:20

Load-Balancers:
ID                                    NAME      STATE
c10c8015-28de-4c2c-a271-58b1f20fb2a5  cli-test  ready

Rdb Instances:
ID                                    NAME      STATE  ENDPOINT ID
44c31418-0395-41c7-a934-c073ec151c95  cli-test  ready  82532a42-39de-4cbf-a45c-d1e848af814d

Subnets:
ID                                    CREATED AT       UPDATED AT       SUBNET
329839cf-f397-4bf7-b0cd-10d8f9329627  few seconds ago  few seconds ago  172.16.64.0/22
e537d54f-0c1f-4682-9a14-b9e7fd86b05d  few seconds ago  few seconds ago  fd63:256c:45f7:bcfc::/64
🟩🟩🟩 JSON STDOUT 🟩🟩🟩
{
  "id": "97e7496d-27ab-42e3-befa-f0f17148d34b",
  "name": "cli-pn-romantic-khorana",
  "organization_id": "fa1e3217-dc80-42ac-85c3-3f034b78b552",
  "project_id": "fa1e3217-dc80-42ac-85c3-3f034b78b552",
  "region": "fr-par",
  "tags": [],
  "created_at": "1970-01-01T00:00:00.0Z",
  "updated_at": "1970-01-01T00:00:00.0Z",
  "subnets": [
    {
      "id": "329839cf-f397-4bf7-b0cd-10d8f9329627",
      "created_at": "1970-01-01T00:00:00.0Z",
      "updated_at": "1970-01-01T00:00:00.0Z",
      "subnet": "172.16.64.0/22"
    },
    {
      "id": "e537d54f-0c1f-4682-9a14-b9e7fd86b05d",
      "created_at": "1970-01-01T00:00:00.0Z",
      "updated_at": "1970-01-01T00:00:00.0Z",
      "subnet": "fd63:256c:45f7:bcfc::/64"
    }
  ],
  "vpc_id": "1ec1ecb6-8f58-4f7c-92cc-53c2a5ae519c",
  "dhcp_enabled": true,
  "instance_servers": [
    {
      "id": "b2038da1-b1a4-470f-925d-ade221f6bc75",
      "name": "cli-srv-pedantic-gates",
      "state": "stopped",
      "nic_id": "fde85b33-3841-479c-a288-df20b54daaf3",
      "mac": "02:00:00:18:64:20"
    }
  ],
  "lbs": [
    {
      "id": "c10c8015-28de-4c2c-a271-58b1f20fb2a5",
      "name": "cli-test",
      "state": "ready"
    }
  ],
  "rdb_instances": [
    {
      "id": "44c31418-0395-41c7-a934-c073ec151c95",
      "name": "cli-test",
      "state": "ready",
      "endpoint_id": "82532a42-39de-4cbf-a45c-d1e848af814d"
    }
  ]
}
