🎲🎲🎲 EXIT CODE: 0 🎲🎲🎲
🟩🟩🟩 STDOUT️ 🟩🟩🟩️
CREATION DATE    NAME
few seconds ago  cli-test-bucket-list-8501647004036398711
few seconds ago  cli-test-bucket-list-9206072663127448888
🟩🟩🟩 JSON STDOUT 🟩🟩🟩
[
  {
    "CreationDate": "2024-04-30T16:43:46Z",
    "Name": "cli-test-bucket-list-8501647004036398711"
  },
  {
    "CreationDate": "2024-04-30T16:43:46Z",
    "Name": "cli-test-bucket-list-9206072663127448888"
  }
]
