🎲🎲🎲 EXIT CODE: 0 🎲🎲🎲
🟩🟩🟩 STDOUT️ 🟩🟩🟩️
ID                8d84f727-0251-48f5-8000-054706fd7def
CreatedAt         few seconds ago
UpdatedAt         few seconds ago
GatewayID         b0920865-db15-452b-8a59-3fdc05d4339a
PrivateNetworkID  33e309e0-71eb-4915-95e6-baafe98c0759
MacAddress        02:00:00:18:95:29
EnableMasquerade  false
Status            ready
EnableDHCP        true
Zone              fr-par-1

DHCP:
ID                b9915f5e-7c29-421b-8fae-2e4bea947f91
OrganizationID    d3520a52-2c75-4ba0-bda8-82dd087f07f2
ProjectID         d3520a52-2c75-4ba0-bda8-82dd087f07f2
CreatedAt         few seconds ago
UpdatedAt         few seconds ago
Subnet            192.168.1.0/24
Address           192.168.1.1
PoolLow           192.168.1.2
PoolHigh          192.168.1.254
EnableDynamic     true
ValidLifetime     1 hours
RenewTimer        50 minutes
RebindTimer       51 minutes
PushDefaultRoute  true
PushDNSServer     true
DNSLocalName      priv
Zone              fr-par-1
🟩🟩🟩 JSON STDOUT 🟩🟩🟩
{
  "id": "8d84f727-0251-48f5-8000-054706fd7def",
  "created_at": "1970-01-01T00:00:00.0Z",
  "updated_at": "1970-01-01T00:00:00.0Z",
  "gateway_id": "b0920865-db15-452b-8a59-3fdc05d4339a",
  "private_network_id": "33e309e0-71eb-4915-95e6-baafe98c0759",
  "mac_address": "02:00:00:18:95:29",
  "enable_masquerade": false,
  "status": "ready",
  "dhcp": {
    "id": "b9915f5e-7c29-421b-8fae-2e4bea947f91",
    "organization_id": "d3520a52-2c75-4ba0-bda8-82dd087f07f2",
    "project_id": "d3520a52-2c75-4ba0-bda8-82dd087f07f2",
    "created_at": "1970-01-01T00:00:00.0Z",
    "updated_at": "1970-01-01T00:00:00.0Z",
    "subnet": "192.168.1.0/24",
    "address": "192.168.1.1",
    "pool_low": "192.168.1.2",
    "pool_high": "192.168.1.254",
    "enable_dynamic": true,
    "valid_lifetime": "3600.000000000s",
    "renew_timer": "3000.000000000s",
    "rebind_timer": "3060.000000000s",
    "push_default_route": true,
    "push_dns_server": true,
    "dns_servers_override": [],
    "dns_search": [],
    "dns_local_name": "priv",
    "zone": "fr-par-1"
  },
  "enable_dhcp": true,
  "address": null,
  "ipam_config": null,
  "zone": "fr-par-1"
}
