🎲🎲🎲 EXIT CODE: 0 🎲🎲🎲
🟩🟩🟩 STDOUT️ 🟩🟩🟩️
ID                2008e722-0efd-4ce1-a1f7-427f2f78f2eb
Type              kapsule
Name              cli-test-get-cluster
Status            creating
Version           1.32.3
Region            fr-par
OrganizationID    fa1e3217-dc80-42ac-85c3-3f034b78b552
ProjectID         fa1e3217-dc80-42ac-85c3-3f034b78b552
Cni               cilium
Description       -
ClusterURL        https://2008e722-0efd-4ce1-a1f7-427f2f78f2eb.api.k8s.fr-par.scw.cloud:6443
DNSWildcard       *.2008e722-0efd-4ce1-a1f7-427f2f78f2eb.nodes.k8s.fr-par.scw.cloud
CreatedAt         few seconds ago
UpdatedAt         few seconds ago
UpgradeAvailable  true
PrivateNetworkID  0a28e52c-e5f6-4f7e-acdc-5a22dc2ecd81
CommitmentEndsAt  few seconds ago
ACLAvailable      true
IamNodesGroupID   -
NewImagesEnabled  true
PodCidr           -
ServiceCidr       -

Autoscaler configuration:
ScaleDownDisabled              false
ScaleDownDelayAfterAdd         10m
Estimator                      binpacking
Expander                       random
IgnoreDaemonsetsUtilization    false
BalanceSimilarNodeGroups       false
ExpendablePodsPriorityCutoff   -10
ScaleDownUnneededTime          10m
ScaleDownUtilizationThreshold  0.5
MaxGracefulTerminationSec      600

Auto-upgrade settings:
Enabled                      false
MaintenanceWindow.StartHour  0
MaintenanceWindow.Day        any

Open ID Connect configuration:
IssuerURL       -
ClientID        -
UsernameClaim   -
UsernamePrefix  -
GroupsPrefix    -

Pools:
ID                                    NAME     STATUS   VERSION  NODE TYPE  MIN SIZE  SIZE  MAX SIZE  AUTOSCALING  AUTOHEALING  ZONE
7be058a8-bb15-4327-874b-8b65f56e6fd1  default  scaling  1.32.3   dev1_m     0         1     1         false        false        fr-par-1
🟩🟩🟩 JSON STDOUT 🟩🟩🟩
{
  "id": "2008e722-0efd-4ce1-a1f7-427f2f78f2eb",
  "type": "kapsule",
  "name": "cli-test-get-cluster",
  "status": "creating",
  "version": "1.32.3",
  "region": "fr-par",
  "organization_id": "fa1e3217-dc80-42ac-85c3-3f034b78b552",
  "project_id": "fa1e3217-dc80-42ac-85c3-3f034b78b552",
  "tags": [],
  "cni": "cilium",
  "description": "",
  "cluster_url": "https://2008e722-0efd-4ce1-a1f7-427f2f78f2eb.api.k8s.fr-par.scw.cloud:6443",
  "dns_wildcard": "*.2008e722-0efd-4ce1-a1f7-427f2f78f2eb.nodes.k8s.fr-par.scw.cloud",
  "created_at": "1970-01-01T00:00:00.0Z",
  "updated_at": "1970-01-01T00:00:00.0Z",
  "autoscaler_config": {
    "scale_down_disabled": false,
    "scale_down_delay_after_add": "10m",
    "estimator": "binpacking",
    "expander": "random",
    "ignore_daemonsets_utilization": false,
    "balance_similar_node_groups": false,
    "expendable_pods_priority_cutoff": -10,
    "scale_down_unneeded_time": "10m",
    "scale_down_utilization_threshold": 0.5,
    "max_graceful_termination_sec": 600
  },
  "auto_upgrade": {
    "enabled": false,
    "maintenance_window": {
      "start_hour": 0,
      "day": "any"
    }
  },
  "upgrade_available": true,
  "feature_gates": [],
  "admission_plugins": [],
  "open_id_connect_config": {
    "issuer_url": "",
    "client_id": "",
    "username_claim": "",
    "username_prefix": "",
    "groups_claim": [],
    "groups_prefix": "",
    "required_claim": []
  },
  "apiserver_cert_sans": [],
  "private_network_id": "0a28e52c-e5f6-4f7e-acdc-5a22dc2ecd81",
  "commitment_ends_at": "1970-01-01T00:00:00.0Z",
  "acl_available": true,
  "iam_nodes_group_id": "",
  "new_images_enabled": true,
  "pod_cidr": "",
  "service_cidr": "",
  "service_dns_ip": "",
  "pools": [
    {
      "id": "7be058a8-bb15-4327-874b-8b65f56e6fd1",
      "name": "default",
      "status": "scaling",
      "version": "1.32.3",
      "node_type": "dev1_m",
      "min_size": 0,
      "size": 1,
      "max_size": 1,
      "autoscaling": false,
      "autohealing": false,
      "zone": "fr-par-1"
    }
  ]
}
