üé≤üé≤üé≤ EXIT CODE: 0 üé≤üé≤üé≤
üü©üü©üü© STDOUTÔ∏è üü©üü©üü©Ô∏è
apiVersion: v1
clusters:
- cluster:
    certificate-authority-data: LS0tLS1CRUdJTiBDRVJUSUZJQ0FURS0tLS0tCk1JSUM1ekNDQWMrZ0F3SUJBZ0lCQURBTkJna3Foa2lHOXcwQkFRc0ZBREFWTVJNd0VRWURWUVFERXdwcmRXSmwKY201bGRHVnpNQjRYRFRJMU1Ea3hNVEUxTWpZeU4xb1hEVE0xTURreE1URTFNall5TjFvd0ZURVRNQkVHQTFVRQpBeE1LYTNWaVpYSnVaWFJsY3pDQ0FTSXdEUVlKS29aSWh2Y05BUUVCQlFBRGdnRVBBRENDQVFvQ2dnRUJBTlJSCmJ3eUlzWnRWOUpURWd5ZUhJZmxpQ0l1aUx2U1Q3dGN2U1B0VmJiMnpjTVV4Rjc1L0hYM1Bkcjhmb1ZnWXY4R0IKeDc5ZU1GcHNQQ093NVhjRnBnbWtMSFFjYWtObmtJbW1QdG1aT3FuSFNRUWk5T3FSK2MwZFhPZ2ZZSjNQTmNsOQo0Vzk1VTFUaEJzQmV0NlduZGdTSEVUM0FZNWNiWDA3YW5rZkR2WHZibWtNcE9DZjg4SjZzci9YdTQreEN0Y3VHCmhuQnVGUGNCWk5TSkRMaDdud3VsdGRSYnIvTnR4b0JQczZORjhhL2NTNlF1NjhzTWZvUTlwMVRwZ2RCVEg1YU4KVFNYNnZQcjJZWG41Lzl2SXZScmpxS3NQWFAwcXVtcEpKRDdtK2FKQjBRNG5xcnQ5TnFxeXdPZCtjT3VKZkdBZQpUK2M4RCs0UGYvUVpjU3I0SWlrQ0F3RUFBYU5DTUVBd0RnWURWUjBQQVFIL0JBUURBZ0trTUE4R0ExVWRFd0VCCi93UUZNQU1CQWY4d0hRWURWUjBPQkJZRUZHYzhtUTZuN3lha2NaZmJla0NQN0svdVVkVmdNQTBHQ1NxR1NJYjMKRFFFQkN3VUFBNElCQVFESG9qZWV4ZUFkVjBwRkZET2pWQStXRnlRUXZxM0NuM2N5Rm92MnlLYmowVU41Y0t4awpQZjBsbEhab3RRK3QySW82bEZ2ellzZWFzRWI3dHJnaDZsZjlxQmV3RGhBZEMzQWV4ZWJWNExXNWh5c1dFampjCktFa2VBTnNDRUhyTmdCc2RyQ01DUmVxWVpvYVptMmpScmF5WE0zNXNnNS9tQm04SUZHa0xlbFFubnZZd2IrMHYKWGR4L1kwL1hwQ0FRcFRYZkhMMHZaQkNBSWx3dlVCRHVwb3JNSG10VjVRVHBxcW4yMXhMUHJHdDJWakorNDNnWAplM3Mwc1lsaDBpYXYxdWY0RlV4clhITHRoY2NXVVNlai9vdGJvYWUwR0hybHA5SFY0cVVIcG1UeG5nQ2p0UmlyClNNcU5QdGpuSGZKTFJuRTk0N2t5UGZRa0wzMlNtaVUzN3VNaAotLS0tLUVORCBDRVJUSUZJQ0FURS0tLS0tCg==
    server: https://c7312b2a-1420-4925-85c1-92b5617dcc7f.api.k8s.fr-par.scw.cloud:6443
  name: cli-test-get-kubeconfig-c7312b2a-1420-4925-85c1-92b5617dcc7f
contexts:
- context:
    cluster: cli-test-get-kubeconfig-c7312b2a-1420-4925-85c1-92b5617dcc7f
    user: cli-default-00000000
  name: cli-test-get-kubeconfig-c7312b2a-1420-4925-85c1-92b5617dcc7f
current-context: cli-test-get-kubeconfig-c7312b2a-1420-4925-85c1-92b5617dcc7f
kind: Config
preferences: {}
users:
- name: cli-default-00000000
  user:
    exec:
      apiVersion: client.authentication.k8s.io/v1
      args:
      - k8s
      - exec-credential
      command: scw
      installHint: |-
        scaleway-cli (scw) is required to authenticate to the current cluster.
        Installation instruction: https://github.com/scaleway/scaleway-cli#installation
      provideClusterInfo: false

üü©üü©üü© JSON STDOUT üü©üü©üü©
"apiVersion: v1\nclusters:\n- cluster:\n    certificate-authority-data: LS0tLS1CRUdJTiBDRVJUSUZJQ0FURS0tLS0tCk1JSUM1ekNDQWMrZ0F3SUJBZ0lCQURBTkJna3Foa2lHOXcwQkFRc0ZBREFWTVJNd0VRWURWUVFERXdwcmRXSmwKY201bGRHVnpNQjRYRFRJMU1Ea3hNVEUxTWpZeU4xb1hEVE0xTURreE1URTFNall5TjFvd0ZURVRNQkVHQTFVRQpBeE1LYTNWaVpYSnVaWFJsY3pDQ0FTSXdEUVlKS29aSWh2Y05BUUVCQlFBRGdnRVBBRENDQVFvQ2dnRUJBTlJSCmJ3eUlzWnRWOUpURWd5ZUhJZmxpQ0l1aUx2U1Q3dGN2U1B0VmJiMnpjTVV4Rjc1L0hYM1Bkcjhmb1ZnWXY4R0IKeDc5ZU1GcHNQQ093NVhjRnBnbWtMSFFjYWtObmtJbW1QdG1aT3FuSFNRUWk5T3FSK2MwZFhPZ2ZZSjNQTmNsOQo0Vzk1VTFUaEJzQmV0NlduZGdTSEVUM0FZNWNiWDA3YW5rZkR2WHZibWtNcE9DZjg4SjZzci9YdTQreEN0Y3VHCmhuQnVGUGNCWk5TSkRMaDdud3VsdGRSYnIvTnR4b0JQczZORjhhL2NTNlF1NjhzTWZvUTlwMVRwZ2RCVEg1YU4KVFNYNnZQcjJZWG41Lzl2SXZScmpxS3NQWFAwcXVtcEpKRDdtK2FKQjBRNG5xcnQ5TnFxeXdPZCtjT3VKZkdBZQpUK2M4RCs0UGYvUVpjU3I0SWlrQ0F3RUFBYU5DTUVBd0RnWURWUjBQQVFIL0JBUURBZ0trTUE4R0ExVWRFd0VCCi93UUZNQU1CQWY4d0hRWURWUjBPQkJZRUZHYzhtUTZuN3lha2NaZmJla0NQN0svdVVkVmdNQTBHQ1NxR1NJYjMKRFFFQkN3VUFBNElCQVFESG9qZWV4ZUFkVjBwRkZET2pWQStXRnlRUXZxM0NuM2N5Rm92MnlLYmowVU41Y0t4awpQZjBsbEhab3RRK3QySW82bEZ2ellzZWFzRWI3dHJnaDZsZjlxQmV3RGhBZEMzQWV4ZWJWNExXNWh5c1dFampjCktFa2VBTnNDRUhyTmdCc2RyQ01DUmVxWVpvYVptMmpScmF5WE0zNXNnNS9tQm04SUZHa0xlbFFubnZZd2IrMHYKWGR4L1kwL1hwQ0FRcFRYZkhMMHZaQkNBSWx3dlVCRHVwb3JNSG10VjVRVHBxcW4yMXhMUHJHdDJWakorNDNnWAplM3Mwc1lsaDBpYXYxdWY0RlV4clhITHRoY2NXVVNlai9vdGJvYWUwR0hybHA5SFY0cVVIcG1UeG5nQ2p0UmlyClNNcU5QdGpuSGZKTFJuRTk0N2t5UGZRa0wzMlNtaVUzN3VNaAotLS0tLUVORCBDRVJUSUZJQ0FURS0tLS0tCg==\n    server: https://c7312b2a-1420-4925-85c1-92b5617dcc7f.api.k8s.fr-par.scw.cloud:6443\n  name: cli-test-get-kubeconfig-c7312b2a-1420-4925-85c1-92b5617dcc7f\ncontexts:\n- context:\n    cluster: cli-test-get-kubeconfig-c7312b2a-1420-4925-85c1-92b5617dcc7f\n    user: cli-default-00000000\n  name: cli-test-get-kubeconfig-c7312b2a-1420-4925-85c1-92b5617dcc7f\ncurrent-context: cli-test-get-kubeconfig-c7312b2a-1420-4925-85c1-92b5617dcc7f\nkind: Config\npreferences: {}\nusers:\n- name: cli-default-00000000\n  user:\n    exec:\n      apiVersion: client.authentication.k8s.io/v1\n      args:\n      - k8s\n      - exec-credential\n      command: scw\n      installHint: |-\n        scaleway-cli (scw) is required to authenticate to the current cluster.\n        Installation instruction: https://github.com/scaleway/scaleway-cli#installation\n      provideClusterInfo: false\n"
