üé≤üé≤üé≤ EXIT CODE: 0 üé≤üé≤üé≤
üü©üü©üü© STDOUTÔ∏è üü©üü©üü©Ô∏è
apiVersion: v1
clusters:
- cluster:
    certificate-authority-data: LS0tLS1CRUdJTiBDRVJUSUZJQ0FURS0tLS0tCk1JSUM1ekNDQWMrZ0F3SUJBZ0lCQURBTkJna3Foa2lHOXcwQkFRc0ZBREFWTVJNd0VRWURWUVFERXdwcmRXSmwKY201bGRHVnpNQjRYRFRJMU1Ea3hNVEUxTWpZeU4xb1hEVE0xTURreE1URTFNall5TjFvd0ZURVRNQkVHQTFVRQpBeE1LYTNWaVpYSnVaWFJsY3pDQ0FTSXdEUVlKS29aSWh2Y05BUUVCQlFBRGdnRVBBRENDQVFvQ2dnRUJBSjJpCkwxYW0xRVNCV1VnZDZ1eUVsNGFqT0t3N1Q1RFZHRUpWbFlxcmxEdWxmNUJGU3VaK1hCQWtKMlVqZWo3MTFrZUwKbFV4NDFwOUdMcHpqV243Z1huWTdWbmlETWVBZ3N6czdBSk9CNmpXcjJyNFhuN2t5cFpxOWpxdlpBaHVNaUNQWQpiemtZNk9ReWZBbTEvV3VlUGhNTFQ1U1RId1oxSFVkUGZiM1A5NmhEallQZG16TmpuL0NCRTY2QVN2SzdTb1ZqCjhlczdHNS8vcjdkUW9aUWdRSlBiSmxra1BCcnJnbnZLbjJRQ3Q5RnpDY244M2p6YlQwZU5vL2ZmN3RERGI2R2IKU3FxZzFURFo3emZGcW5UWWtsMGFwdlB3TVBtbklLeEluQjFZcU9IYlIzMTVlQzVNdXY5MFducUdtVmJOVzBybQpLK0h0UURVK2xqVHN4RXF2bXZVQ0F3RUFBYU5DTUVBd0RnWURWUjBQQVFIL0JBUURBZ0trTUE4R0ExVWRFd0VCCi93UUZNQU1CQWY4d0hRWURWUjBPQkJZRUZOcjQzb2R4NCtwbE5VYVVHbk85eXdoSE9HV2NNQTBHQ1NxR1NJYjMKRFFFQkN3VUFBNElCQVFCZ1J1MGRXU3JIVENzb1RPbFZKaHUvTE44alNvTGdDSHpobENOMnprUFVUYjlxRDQvMAo1YXNhdnJTOHdud2k1cDF3WVRjVitKUzlNOXpvZkphcGswWFhUeElYODZKQWpwWGdYRzg2VjB2ZWZja1NXNFdjCnFDN2Q5NEZaMi82MkRYNkpId2dIMC9jQk1zN3Vwd0t0Q2FSTHpWSkN4VEZEMFJuWDU4ZzJxL0FSWE41U0tKNisKVUFwNHhjNmZxa1hSZ2pmVWNxNy9nU1NHaWcyQ3g3ZDRybC9qamUrd3BHVHJMQzBET2NwU21Wam1qenNaY2Z0bgpKLzdoN2ExTDc1RTk0Sit1SFBxQVhJQXFBK042LzI3UHlVRVBrZ3ZRNS9qZTIydWJzazZSMFZFOG1xNVhidWU2ClJlM1ExREphZ3NTUHh3TGc2bEJKUjVTVFI0K2ErNDIzTmFGdwotLS0tLUVORCBDRVJUSUZJQ0FURS0tLS0tCg==
    server: https://f755af5a-d3f1-464b-ad44-2cb718532c31.api.k8s.fr-par.scw.cloud:6443
  name: cli-test-get-kubeconfig-f755af5a-d3f1-464b-ad44-2cb718532c31
contexts:
- context:
    cluster: cli-test-get-kubeconfig-f755af5a-d3f1-464b-ad44-2cb718532c31
    user: cli-test-get-kubeconfig-f755af5a-d3f1-464b-ad44-2cb718532c31
  name: cli-test-get-kubeconfig-f755af5a-d3f1-464b-ad44-2cb718532c31
current-context: cli-test-get-kubeconfig-f755af5a-d3f1-464b-ad44-2cb718532c31
kind: Config
preferences: {}
users:
- name: cli-test-get-kubeconfig-f755af5a-d3f1-464b-ad44-2cb718532c31
  user:
    token: ZPflaVGvYIiOT6f29MILqyZmP2Ys6nwxyLTdZCqSPOMW9yo5NddJAvuH

üü©üü©üü© JSON STDOUT üü©üü©üü©
"apiVersion: v1\nclusters:\n- cluster:\n    certificate-authority-data: LS0tLS1CRUdJTiBDRVJUSUZJQ0FURS0tLS0tCk1JSUM1ekNDQWMrZ0F3SUJBZ0lCQURBTkJna3Foa2lHOXcwQkFRc0ZBREFWTVJNd0VRWURWUVFERXdwcmRXSmwKY201bGRHVnpNQjRYRFRJMU1Ea3hNVEUxTWpZeU4xb1hEVE0xTURreE1URTFNall5TjFvd0ZURVRNQkVHQTFVRQpBeE1LYTNWaVpYSnVaWFJsY3pDQ0FTSXdEUVlKS29aSWh2Y05BUUVCQlFBRGdnRVBBRENDQVFvQ2dnRUJBSjJpCkwxYW0xRVNCV1VnZDZ1eUVsNGFqT0t3N1Q1RFZHRUpWbFlxcmxEdWxmNUJGU3VaK1hCQWtKMlVqZWo3MTFrZUwKbFV4NDFwOUdMcHpqV243Z1huWTdWbmlETWVBZ3N6czdBSk9CNmpXcjJyNFhuN2t5cFpxOWpxdlpBaHVNaUNQWQpiemtZNk9ReWZBbTEvV3VlUGhNTFQ1U1RId1oxSFVkUGZiM1A5NmhEallQZG16TmpuL0NCRTY2QVN2SzdTb1ZqCjhlczdHNS8vcjdkUW9aUWdRSlBiSmxra1BCcnJnbnZLbjJRQ3Q5RnpDY244M2p6YlQwZU5vL2ZmN3RERGI2R2IKU3FxZzFURFo3emZGcW5UWWtsMGFwdlB3TVBtbklLeEluQjFZcU9IYlIzMTVlQzVNdXY5MFducUdtVmJOVzBybQpLK0h0UURVK2xqVHN4RXF2bXZVQ0F3RUFBYU5DTUVBd0RnWURWUjBQQVFIL0JBUURBZ0trTUE4R0ExVWRFd0VCCi93UUZNQU1CQWY4d0hRWURWUjBPQkJZRUZOcjQzb2R4NCtwbE5VYVVHbk85eXdoSE9HV2NNQTBHQ1NxR1NJYjMKRFFFQkN3VUFBNElCQVFCZ1J1MGRXU3JIVENzb1RPbFZKaHUvTE44alNvTGdDSHpobENOMnprUFVUYjlxRDQvMAo1YXNhdnJTOHdud2k1cDF3WVRjVitKUzlNOXpvZkphcGswWFhUeElYODZKQWpwWGdYRzg2VjB2ZWZja1NXNFdjCnFDN2Q5NEZaMi82MkRYNkpId2dIMC9jQk1zN3Vwd0t0Q2FSTHpWSkN4VEZEMFJuWDU4ZzJxL0FSWE41U0tKNisKVUFwNHhjNmZxa1hSZ2pmVWNxNy9nU1NHaWcyQ3g3ZDRybC9qamUrd3BHVHJMQzBET2NwU21Wam1qenNaY2Z0bgpKLzdoN2ExTDc1RTk0Sit1SFBxQVhJQXFBK042LzI3UHlVRVBrZ3ZRNS9qZTIydWJzazZSMFZFOG1xNVhidWU2ClJlM1ExREphZ3NTUHh3TGc2bEJKUjVTVFI0K2ErNDIzTmFGdwotLS0tLUVORCBDRVJUSUZJQ0FURS0tLS0tCg==\n    server: https://f755af5a-d3f1-464b-ad44-2cb718532c31.api.k8s.fr-par.scw.cloud:6443\n  name: cli-test-get-kubeconfig-f755af5a-d3f1-464b-ad44-2cb718532c31\ncontexts:\n- context:\n    cluster: cli-test-get-kubeconfig-f755af5a-d3f1-464b-ad44-2cb718532c31\n    user: cli-test-get-kubeconfig-f755af5a-d3f1-464b-ad44-2cb718532c31\n  name: cli-test-get-kubeconfig-f755af5a-d3f1-464b-ad44-2cb718532c31\ncurrent-context: cli-test-get-kubeconfig-f755af5a-d3f1-464b-ad44-2cb718532c31\nkind: Config\npreferences: {}\nusers:\n- name: cli-test-get-kubeconfig-f755af5a-d3f1-464b-ad44-2cb718532c31\n  user:\n    token: ZPflaVGvYIiOT6f29MILqyZmP2Ys6nwxyLTdZCqSPOMW9yo5NddJAvuH\n"
