üé≤üé≤üé≤ EXIT CODE: 0 üé≤üé≤üé≤
üü©üü©üü© STDOUTÔ∏è üü©üü©üü©Ô∏è
apiVersion: v1
clusters:
- cluster:
    certificate-authority-data: LS0tLS1CRUdJTiBDRVJUSUZJQ0FURS0tLS0tCk1JSUM1ekNDQWMrZ0F3SUJBZ0lCQURBTkJna3Foa2lHOXcwQkFRc0ZBREFWTVJNd0VRWURWUVFERXdwcmRXSmwKY201bGRHVnpNQjRYRFRJMU1Ea3hNVEUxTWpZeU4xb1hEVE0xTURreE1URTFNall5TjFvd0ZURVRNQkVHQTFVRQpBeE1LYTNWaVpYSnVaWFJsY3pDQ0FTSXdEUVlKS29aSWh2Y05BUUVCQlFBRGdnRVBBRENDQVFvQ2dnRUJBTWVpClh3aVNjZHVhQlN5QTlOZkR4MW5vd3kvM09FcXpWdTNSUzlqT29MTVF4Q3lseFVockE5eDBkU0wyWlAzUC9FenkKLzhaYXZxdDR4U3VjREtQTVpNT1ArM0xCVjI5UHRmR3h3a3p1K2dRMDhDTHVVYUpxTTZ0L1RHenBVN3FxVTVKRwpGTnZPQlkxeE83K05pUXdxZkxkSnVJM2YwOUV0ZUl4S2M0VGJJNWloeXYvWjg3bFhkcWd3WEFiKzBpZHdFbUc5ClNIbXVGcUJYT2tYLzhBWGN0NlZIUjVsTkNLMmhZdkxZdTFtc2cwenBOaElscURaZmoraFh4QzZRVHRjVkcvM2QKNndIbW5IaWRNRk1PakxoSjlSYzVFMHNWV3BEam1aYjFNeXZabGVJOUJ0S0dLRUwyN2ZxVFRINjFoMXBHUDQwSwpWeWJmZ05xYVdUckVqQWtJSG9zQ0F3RUFBYU5DTUVBd0RnWURWUjBQQVFIL0JBUURBZ0trTUE4R0ExVWRFd0VCCi93UUZNQU1CQWY4d0hRWURWUjBPQkJZRUZEMXY3N2dUNUU1UWJFeUhDZVZpWG9lUkJWa0JNQTBHQ1NxR1NJYjMKRFFFQkN3VUFBNElCQVFBZ0hBS3FwNmpSc2I1OEt5S3psUnp6T1JzS04zR21GZDhiYlZSVEdQNVdYTmU4cXBpSgpYUnhLN1BHZ0hwd0VuS21ZdGRXWHIxQ1I4QjFoc25QdlYyVzRIYm9SQVJZWE9SL1lNY01GMGUzQi9jT2krbWdCCko2V05XWFovMVA5Y1VWc2luM0ZsT1pkU05oanVSVkgyM0NncW1sM0lQaVpqS2NqaTEyZzVQTDU1alI2Z0RJRUsKNm1MakhZbmtVa1YydGhzQXJQd1V2dHVLSWlPd0krK28yQm45Q1BDRmxjNmdOcll6eFl2TSs0RmNqYTlSeldNUQpxWVk3TUZlazlJMHZja0dPOU80Wjh4SzJCVGR6b3BXUVhqaXZHbHhBYmJ1b0ozT3FGMmFRcUpxRWdwdFZWeXJXClVNYlNCekpXVVpTYUwrSmtCZkVrRDhaSUVZM0lOTUVkZWJ1ZAotLS0tLUVORCBDRVJUSUZJQ0FURS0tLS0tCg==
    server: https://f97b6e95-472d-490b-a7f3-2caa6584b888.api.k8s.fr-par.scw.cloud:6443
  name: cli-test-get-kubeconfig-f97b6e95-472d-490b-a7f3-2caa6584b888
contexts:
- context:
    cluster: cli-test-get-kubeconfig-f97b6e95-472d-490b-a7f3-2caa6584b888
    user: cli-test-get-kubeconfig-f97b6e95-472d-490b-a7f3-2caa6584b888
  name: cli-test-get-kubeconfig-f97b6e95-472d-490b-a7f3-2caa6584b888
current-context: cli-test-get-kubeconfig-f97b6e95-472d-490b-a7f3-2caa6584b888
kind: Config
preferences: {}
users:
- name: cli-test-get-kubeconfig-f97b6e95-472d-490b-a7f3-2caa6584b888
  user:
    token: rWE1Rr52AnCHO8NxgC9X8Ue0MSxyV2IcuNghRsF9bpdrw148uWplthwx

üü©üü©üü© JSON STDOUT üü©üü©üü©
"apiVersion: v1\nclusters:\n- cluster:\n    certificate-authority-data: LS0tLS1CRUdJTiBDRVJUSUZJQ0FURS0tLS0tCk1JSUM1ekNDQWMrZ0F3SUJBZ0lCQURBTkJna3Foa2lHOXcwQkFRc0ZBREFWTVJNd0VRWURWUVFERXdwcmRXSmwKY201bGRHVnpNQjRYRFRJMU1Ea3hNVEUxTWpZeU4xb1hEVE0xTURreE1URTFNall5TjFvd0ZURVRNQkVHQTFVRQpBeE1LYTNWaVpYSnVaWFJsY3pDQ0FTSXdEUVlKS29aSWh2Y05BUUVCQlFBRGdnRVBBRENDQVFvQ2dnRUJBTWVpClh3aVNjZHVhQlN5QTlOZkR4MW5vd3kvM09FcXpWdTNSUzlqT29MTVF4Q3lseFVockE5eDBkU0wyWlAzUC9FenkKLzhaYXZxdDR4U3VjREtQTVpNT1ArM0xCVjI5UHRmR3h3a3p1K2dRMDhDTHVVYUpxTTZ0L1RHenBVN3FxVTVKRwpGTnZPQlkxeE83K05pUXdxZkxkSnVJM2YwOUV0ZUl4S2M0VGJJNWloeXYvWjg3bFhkcWd3WEFiKzBpZHdFbUc5ClNIbXVGcUJYT2tYLzhBWGN0NlZIUjVsTkNLMmhZdkxZdTFtc2cwenBOaElscURaZmoraFh4QzZRVHRjVkcvM2QKNndIbW5IaWRNRk1PakxoSjlSYzVFMHNWV3BEam1aYjFNeXZabGVJOUJ0S0dLRUwyN2ZxVFRINjFoMXBHUDQwSwpWeWJmZ05xYVdUckVqQWtJSG9zQ0F3RUFBYU5DTUVBd0RnWURWUjBQQVFIL0JBUURBZ0trTUE4R0ExVWRFd0VCCi93UUZNQU1CQWY4d0hRWURWUjBPQkJZRUZEMXY3N2dUNUU1UWJFeUhDZVZpWG9lUkJWa0JNQTBHQ1NxR1NJYjMKRFFFQkN3VUFBNElCQVFBZ0hBS3FwNmpSc2I1OEt5S3psUnp6T1JzS04zR21GZDhiYlZSVEdQNVdYTmU4cXBpSgpYUnhLN1BHZ0hwd0VuS21ZdGRXWHIxQ1I4QjFoc25QdlYyVzRIYm9SQVJZWE9SL1lNY01GMGUzQi9jT2krbWdCCko2V05XWFovMVA5Y1VWc2luM0ZsT1pkU05oanVSVkgyM0NncW1sM0lQaVpqS2NqaTEyZzVQTDU1alI2Z0RJRUsKNm1MakhZbmtVa1YydGhzQXJQd1V2dHVLSWlPd0krK28yQm45Q1BDRmxjNmdOcll6eFl2TSs0RmNqYTlSeldNUQpxWVk3TUZlazlJMHZja0dPOU80Wjh4SzJCVGR6b3BXUVhqaXZHbHhBYmJ1b0ozT3FGMmFRcUpxRWdwdFZWeXJXClVNYlNCekpXVVpTYUwrSmtCZkVrRDhaSUVZM0lOTUVkZWJ1ZAotLS0tLUVORCBDRVJUSUZJQ0FURS0tLS0tCg==\n    server: https://f97b6e95-472d-490b-a7f3-2caa6584b888.api.k8s.fr-par.scw.cloud:6443\n  name: cli-test-get-kubeconfig-f97b6e95-472d-490b-a7f3-2caa6584b888\ncontexts:\n- context:\n    cluster: cli-test-get-kubeconfig-f97b6e95-472d-490b-a7f3-2caa6584b888\n    user: cli-test-get-kubeconfig-f97b6e95-472d-490b-a7f3-2caa6584b888\n  name: cli-test-get-kubeconfig-f97b6e95-472d-490b-a7f3-2caa6584b888\ncurrent-context: cli-test-get-kubeconfig-f97b6e95-472d-490b-a7f3-2caa6584b888\nkind: Config\npreferences: {}\nusers:\n- name: cli-test-get-kubeconfig-f97b6e95-472d-490b-a7f3-2caa6584b888\n  user:\n    token: rWE1Rr52AnCHO8NxgC9X8Ue0MSxyV2IcuNghRsF9bpdrw148uWplthwx\n"
